Reading netlist file: "/media/jesus/Nuevo vol1/Gowin_FPGA/forklift_codes/impl/gwsynthesis/forklift_codes.vg"
Parsing netlist file "/media/jesus/Nuevo vol1/Gowin_FPGA/forklift_codes/impl/gwsynthesis/forklift_codes.vg" completed
Processing netlist completed
Reading constraint file: "/media/jesus/Nuevo vol1/Gowin_FPGA/forklift_codes/src/forklift_codes.cst"
Physical Constraint parsed completed
Running placement......
[10%] Placement Phase 0 completed
[20%] Placement Phase 1 completed
[30%] Placement Phase 2 completed
WARN  (TA1132) :  'clk_27mhz' was determined to be a clock but was not created.
[50%] Placement Phase 3 completed
Running routing......
[60%] Routing Phase 0 completed
[70%] Routing Phase 1 completed
[80%] Routing Phase 2 completed
WARN  (PR1014) : Generic routing resource will be used to clock signal 'clk_27mhz_d' by the specified constraint. And then it may lead to the excessive delay or skew
[90%] Routing Phase 3 completed
Running timing analysis......
[95%] Timing analysis completed
Placement and routing completed
Bitstream generation in progress......
Bitstream generation completed
Running power analysis......
[100%] Power analysis completed
Generate file "/media/jesus/Nuevo vol1/Gowin_FPGA/forklift_codes/impl/pnr/forklift_codes.power.html" completed
Generate file "/media/jesus/Nuevo vol1/Gowin_FPGA/forklift_codes/impl/pnr/forklift_codes.pin.html" completed
Generate file "/media/jesus/Nuevo vol1/Gowin_FPGA/forklift_codes/impl/pnr/forklift_codes.rpt.html" completed
Generate file "/media/jesus/Nuevo vol1/Gowin_FPGA/forklift_codes/impl/pnr/forklift_codes.rpt.txt" completed
Generate file "/media/jesus/Nuevo vol1/Gowin_FPGA/forklift_codes/impl/pnr/forklift_codes.tr.html" completed
Fri May  1 00:49:56 2026

